Analysis & Synthesis report for VendingMachine
Thu Sep 07 16:26:57 2023
Quartus II Version 9.1 Build 350 03/24/2010 Service Pack 2 SJ Web Edition


---------------------
; Table of Contents ;
---------------------
  1. Legal Notice
  2. Analysis & Synthesis Summary
  3. Analysis & Synthesis Settings
  4. Parallel Compilation
  5. Analysis & Synthesis Source Files Read
  6. Analysis & Synthesis Resource Usage Summary
  7. Analysis & Synthesis Resource Utilization by Entity
  8. Registers Removed During Synthesis
  9. General Register Statistics
 10. Multiplexer Restructuring Statistics (Restructuring Performed)
 11. Parameter Settings for Inferred Entity Instance: DisplayModule:display|lpm_divide:Mod0
 12. Parameter Settings for Inferred Entity Instance: DisplayModule:display|lpm_divide:Div0
 13. Parameter Settings for Inferred Entity Instance: DisplayModule:display_1|lpm_divide:Mod0
 14. Parameter Settings for Inferred Entity Instance: DisplayModule:display_1|lpm_divide:Div0
 15. Port Connectivity Checks: "VendingMachineController:controller"
 16. Port Connectivity Checks: "SalesTotalReset:sales_total_reset"
 17. Port Connectivity Checks: "CoinDetector:coin_detector"
 18. Analysis & Synthesis Messages



----------------
; Legal Notice ;
----------------
Copyright (C) 1991-2010 Altera Corporation
Your use of Altera Corporation's design tools, logic functions 
and other software and tools, and its AMPP partner logic 
functions, and any output files from any of the foregoing 
(including device programming or simulation files), and any 
associated documentation or information are expressly subject 
to the terms and conditions of the Altera Program License 
Subscription Agreement, Altera MegaCore Function License 
Agreement, or other applicable license agreement, including, 
without limitation, that your use is for the sole purpose of 
programming logic devices manufactured by Altera and sold by 
Altera or its authorized distributors.  Please refer to the 
applicable agreement for further details.



+-----------------------------------------------------------------------------------+
; Analysis & Synthesis Summary                                                      ;
+------------------------------------+----------------------------------------------+
; Analysis & Synthesis Status        ; Successful - Thu Sep 07 16:26:57 2023        ;
; Quartus II Version                 ; 9.1 Build 350 03/24/2010 SP 2 SJ Web Edition ;
; Revision Name                      ; VendingMachine                               ;
; Top-level Entity Name              ; VendingMachine                               ;
; Family                             ; Cyclone II                                   ;
; Total logic elements               ; 241                                          ;
;     Total combinational functions  ; 241                                          ;
;     Dedicated logic registers      ; 63                                           ;
; Total registers                    ; 63                                           ;
; Total pins                         ; 88                                           ;
; Total virtual pins                 ; 0                                            ;
; Total memory bits                  ; 0                                            ;
; Embedded Multiplier 9-bit elements ; 0                                            ;
; Total PLLs                         ; 0                                            ;
+------------------------------------+----------------------------------------------+


+----------------------------------------------------------------------------------------------------------------------+
; Analysis & Synthesis Settings                                                                                        ;
+----------------------------------------------------------------------------+--------------------+--------------------+
; Option                                                                     ; Setting            ; Default Value      ;
+----------------------------------------------------------------------------+--------------------+--------------------+
; Device                                                                     ; EP2C70F896C6       ;                    ;
; Top-level entity name                                                      ; VendingMachine     ; VendingMachine     ;
; Family name                                                                ; Cyclone II         ; Stratix II         ;
; Use Generated Physical Constraints File                                    ; Off                ;                    ;
; Use smart compilation                                                      ; Off                ; Off                ;
; Enable parallel Assembler and TimeQuest Timing Analyzer during compilation ; On                 ; On                 ;
; Enable compact report table                                                ; Off                ; Off                ;
; Restructure Multiplexers                                                   ; Auto               ; Auto               ;
; Create Debugging Nodes for IP Cores                                        ; Off                ; Off                ;
; Preserve fewer node names                                                  ; On                 ; On                 ;
; Disable OpenCore Plus hardware evaluation                                  ; Off                ; Off                ;
; Verilog Version                                                            ; Verilog_2001       ; Verilog_2001       ;
; VHDL Version                                                               ; VHDL_1993          ; VHDL_1993          ;
; State Machine Processing                                                   ; Auto               ; Auto               ;
; Safe State Machine                                                         ; Off                ; Off                ;
; Extract Verilog State Machines                                             ; On                 ; On                 ;
; Extract VHDL State Machines                                                ; On                 ; On                 ;
; Ignore Verilog initial constructs                                          ; Off                ; Off                ;
; Iteration limit for constant Verilog loops                                 ; 5000               ; 5000               ;
; Iteration limit for non-constant Verilog loops                             ; 250                ; 250                ;
; Add Pass-Through Logic to Inferred RAMs                                    ; On                 ; On                 ;
; Parallel Synthesis                                                         ; On                 ; On                 ;
; DSP Block Balancing                                                        ; Auto               ; Auto               ;
; NOT Gate Push-Back                                                         ; On                 ; On                 ;
; Power-Up Don't Care                                                        ; On                 ; On                 ;
; Remove Redundant Logic Cells                                               ; Off                ; Off                ;
; Remove Duplicate Registers                                                 ; On                 ; On                 ;
; Ignore CARRY Buffers                                                       ; Off                ; Off                ;
; Ignore CASCADE Buffers                                                     ; Off                ; Off                ;
; Ignore GLOBAL Buffers                                                      ; Off                ; Off                ;
; Ignore ROW GLOBAL Buffers                                                  ; Off                ; Off                ;
; Ignore LCELL Buffers                                                       ; Off                ; Off                ;
; Ignore SOFT Buffers                                                        ; On                 ; On                 ;
; Limit AHDL Integers to 32 Bits                                             ; Off                ; Off                ;
; Optimization Technique                                                     ; Balanced           ; Balanced           ;
; Carry Chain Length                                                         ; 70                 ; 70                 ;
; Auto Carry Chains                                                          ; On                 ; On                 ;
; Auto Open-Drain Pins                                                       ; On                 ; On                 ;
; Perform WYSIWYG Primitive Resynthesis                                      ; Off                ; Off                ;
; Auto ROM Replacement                                                       ; On                 ; On                 ;
; Auto RAM Replacement                                                       ; On                 ; On                 ;
; Auto Shift Register Replacement                                            ; Auto               ; Auto               ;
; Auto Clock Enable Replacement                                              ; On                 ; On                 ;
; Strict RAM Replacement                                                     ; Off                ; Off                ;
; Allow Synchronous Control Signals                                          ; On                 ; On                 ;
; Force Use of Synchronous Clear Signals                                     ; Off                ; Off                ;
; Auto RAM to Logic Cell Conversion                                          ; Off                ; Off                ;
; Auto Resource Sharing                                                      ; Off                ; Off                ;
; Allow Any RAM Size For Recognition                                         ; Off                ; Off                ;
; Allow Any ROM Size For Recognition                                         ; Off                ; Off                ;
; Allow Any Shift Register Size For Recognition                              ; Off                ; Off                ;
; Use LogicLock Constraints during Resource Balancing                        ; On                 ; On                 ;
; Ignore translate_off and synthesis_off directives                          ; Off                ; Off                ;
; Timing-Driven Synthesis                                                    ; Off                ; Off                ;
; Show Parameter Settings Tables in Synthesis Report                         ; On                 ; On                 ;
; Ignore Maximum Fan-Out Assignments                                         ; Off                ; Off                ;
; Synchronization Register Chain Length                                      ; 2                  ; 2                  ;
; PowerPlay Power Optimization                                               ; Normal compilation ; Normal compilation ;
; HDL message level                                                          ; Level2             ; Level2             ;
; Suppress Register Optimization Related Messages                            ; Off                ; Off                ;
; Number of Removed Registers Reported in Synthesis Report                   ; 5000               ; 5000               ;
; Number of Inverted Registers Reported in Synthesis Report                  ; 100                ; 100                ;
; Clock MUX Protection                                                       ; On                 ; On                 ;
; Auto Gated Clock Conversion                                                ; Off                ; Off                ;
; Block Design Naming                                                        ; Auto               ; Auto               ;
; SDC constraint protection                                                  ; Off                ; Off                ;
; Synthesis Effort                                                           ; Auto               ; Auto               ;
; Shift Register Replacement - Allow Asynchronous Clear Signal               ; On                 ; On                 ;
; Analysis & Synthesis Message Level                                         ; Medium             ; Medium             ;
; Disable Register Merging Across Hierarchies                                ; Auto               ; Auto               ;
; Resource Aware Inference For Block RAM                                     ; On                 ; On                 ;
+----------------------------------------------------------------------------+--------------------+--------------------+


Parallel compilation was disabled, but you have multiple processors available. Enable parallel compilation to reduce compilation time.
+-------------------------------------+
; Parallel Compilation                ;
+----------------------------+--------+
; Processors                 ; Number ;
+----------------------------+--------+
; Number detected on machine ; 12     ;
; Maximum allowed            ; 1      ;
+----------------------------+--------+


+-------------------------------------------------------------------------------------------------------------------------------------------------------------+
; Analysis & Synthesis Source Files Read                                                                                                                      ;
+----------------------------------+-----------------+------------------------------+-------------------------------------------------------------------------+
; File Name with User-Entered Path ; Used in Netlist ; File Type                    ; File Name with Absolute Path                                            ;
+----------------------------------+-----------------+------------------------------+-------------------------------------------------------------------------+
; VendingMachine.v                 ; yes             ; User Verilog HDL File        ; E:/学习/数字电路/数电课设/VendingMachine_Git/VendingMachine.v           ;
; InitializeModule.v               ; yes             ; User Verilog HDL File        ; E:/学习/数字电路/数电课设/VendingMachine_Git/InitializeModule.v         ;
; DisplayModule.v                  ; yes             ; User Verilog HDL File        ; E:/学习/数字电路/数电课设/VendingMachine_Git/DisplayModule.v            ;
; SalesTotalReset.v                ; yes             ; User Verilog HDL File        ; E:/学习/数字电路/数电课设/VendingMachine_Git/SalesTotalReset.v          ;
; VendingMachineController.v       ; yes             ; User Verilog HDL File        ; E:/学习/数字电路/数电课设/VendingMachine_Git/VendingMachineController.v ;
; CoinDetector.v                   ; yes             ; User Verilog HDL File        ; E:/学习/数字电路/数电课设/VendingMachine_Git/CoinDetector.v             ;
; clk_1hz.v                        ; yes             ; User Verilog HDL File        ; E:/学习/数字电路/数电课设/VendingMachine_Git/clk_1hz.v                  ;
; Product_codetoprice.v            ; yes             ; User Verilog HDL File        ; E:/学习/数字电路/数电课设/VendingMachine_Git/Product_codetoprice.v      ;
; lpm_divide.tdf                   ; yes             ; Megafunction                 ; f:/qu/quartus/libraries/megafunctions/lpm_divide.tdf                    ;
; db/lpm_divide_45m.tdf            ; yes             ; Auto-Generated Megafunction  ; E:/学习/数字电路/数电课设/VendingMachine_Git/db/lpm_divide_45m.tdf      ;
; db/sign_div_unsign_bkh.tdf       ; yes             ; Auto-Generated Megafunction  ; E:/学习/数字电路/数电课设/VendingMachine_Git/db/sign_div_unsign_bkh.tdf ;
; db/alt_u_div_ove.tdf             ; yes             ; Auto-Generated Megafunction  ; E:/学习/数字电路/数电课设/VendingMachine_Git/db/alt_u_div_ove.tdf       ;
; db/add_sub_lkc.tdf               ; yes             ; Auto-Generated Megafunction  ; E:/学习/数字电路/数电课设/VendingMachine_Git/db/add_sub_lkc.tdf         ;
; db/add_sub_mkc.tdf               ; yes             ; Auto-Generated Megafunction  ; E:/学习/数字电路/数电课设/VendingMachine_Git/db/add_sub_mkc.tdf         ;
; db/lpm_divide_1dm.tdf            ; yes             ; Auto-Generated Megafunction  ; E:/学习/数字电路/数电课设/VendingMachine_Git/db/lpm_divide_1dm.tdf      ;
+----------------------------------+-----------------+------------------------------+-------------------------------------------------------------------------+


+-----------------------------------------------------+
; Analysis & Synthesis Resource Usage Summary         ;
+---------------------------------------------+-------+
; Resource                                    ; Usage ;
+---------------------------------------------+-------+
; Estimated Total logic elements              ; 241   ;
;                                             ;       ;
; Total combinational functions               ; 241   ;
; Logic element usage by number of LUT inputs ;       ;
;     -- 4 input functions                    ; 61    ;
;     -- 3 input functions                    ; 61    ;
;     -- <=2 input functions                  ; 119   ;
;                                             ;       ;
; Logic elements by mode                      ;       ;
;     -- normal mode                          ; 174   ;
;     -- arithmetic mode                      ; 67    ;
;                                             ;       ;
; Total registers                             ; 63    ;
;     -- Dedicated logic registers            ; 63    ;
;     -- I/O registers                        ; 0     ;
;                                             ;       ;
; I/O pins                                    ; 88    ;
; Maximum fan-out node                        ; rst_n ;
; Maximum fan-out                             ; 34    ;
; Total fan-out                               ; 874   ;
; Average fan-out                             ; 2.23  ;
+---------------------------------------------+-------+


+----------------------------------------------------------------------------------------------------------------------------------------------------------------------------------------------------------------------------------------------------------------------------------------------------------------+
; Analysis & Synthesis Resource Utilization by Entity                                                                                                                                                                                                                                                            ;
+-------------------------------------------+-------------------+--------------+-------------+--------------+---------+-----------+------+--------------+-----------------------------------------------------------------------------------------------------------------------------------------+--------------+
; Compilation Hierarchy Node                ; LC Combinationals ; LC Registers ; Memory Bits ; DSP Elements ; DSP 9x9 ; DSP 18x18 ; Pins ; Virtual Pins ; Full Hierarchy Name                                                                                                                     ; Library Name ;
+-------------------------------------------+-------------------+--------------+-------------+--------------+---------+-----------+------+--------------+-----------------------------------------------------------------------------------------------------------------------------------------+--------------+
; |VendingMachine                           ; 241 (11)          ; 63 (4)       ; 0           ; 0            ; 0       ; 0         ; 88   ; 0            ; |VendingMachine                                                                                                                         ; work         ;
;    |CoinDetector:coin_detector|           ; 1 (1)             ; 1 (1)        ; 0           ; 0            ; 0       ; 0         ; 0    ; 0            ; |VendingMachine|CoinDetector:coin_detector                                                                                              ;              ;
;    |DisplayModule:display_1|              ; 129 (14)          ; 0 (0)        ; 0           ; 0            ; 0       ; 0         ; 0    ; 0            ; |VendingMachine|DisplayModule:display_1                                                                                                 ;              ;
;       |lpm_divide:Div0|                   ; 56 (0)            ; 0 (0)        ; 0           ; 0            ; 0       ; 0         ; 0    ; 0            ; |VendingMachine|DisplayModule:display_1|lpm_divide:Div0                                                                                 ;              ;
;          |lpm_divide_1dm:auto_generated|  ; 56 (0)            ; 0 (0)        ; 0           ; 0            ; 0       ; 0         ; 0    ; 0            ; |VendingMachine|DisplayModule:display_1|lpm_divide:Div0|lpm_divide_1dm:auto_generated                                                   ;              ;
;             |sign_div_unsign_bkh:divider| ; 56 (0)            ; 0 (0)        ; 0           ; 0            ; 0       ; 0         ; 0    ; 0            ; |VendingMachine|DisplayModule:display_1|lpm_divide:Div0|lpm_divide_1dm:auto_generated|sign_div_unsign_bkh:divider                       ;              ;
;                |alt_u_div_ove:divider|    ; 56 (56)           ; 0 (0)        ; 0           ; 0            ; 0       ; 0         ; 0    ; 0            ; |VendingMachine|DisplayModule:display_1|lpm_divide:Div0|lpm_divide_1dm:auto_generated|sign_div_unsign_bkh:divider|alt_u_div_ove:divider ;              ;
;       |lpm_divide:Mod0|                   ; 59 (0)            ; 0 (0)        ; 0           ; 0            ; 0       ; 0         ; 0    ; 0            ; |VendingMachine|DisplayModule:display_1|lpm_divide:Mod0                                                                                 ;              ;
;          |lpm_divide_45m:auto_generated|  ; 59 (0)            ; 0 (0)        ; 0           ; 0            ; 0       ; 0         ; 0    ; 0            ; |VendingMachine|DisplayModule:display_1|lpm_divide:Mod0|lpm_divide_45m:auto_generated                                                   ;              ;
;             |sign_div_unsign_bkh:divider| ; 59 (0)            ; 0 (0)        ; 0           ; 0            ; 0       ; 0         ; 0    ; 0            ; |VendingMachine|DisplayModule:display_1|lpm_divide:Mod0|lpm_divide_45m:auto_generated|sign_div_unsign_bkh:divider                       ;              ;
;                |alt_u_div_ove:divider|    ; 59 (59)           ; 0 (0)        ; 0           ; 0            ; 0       ; 0         ; 0    ; 0            ; |VendingMachine|DisplayModule:display_1|lpm_divide:Mod0|lpm_divide_45m:auto_generated|sign_div_unsign_bkh:divider|alt_u_div_ove:divider ;              ;
;    |DisplayModule:display|                ; 20 (7)            ; 0 (0)        ; 0           ; 0            ; 0       ; 0         ; 0    ; 0            ; |VendingMachine|DisplayModule:display                                                                                                   ;              ;
;       |lpm_divide:Div0|                   ; 5 (0)             ; 0 (0)        ; 0           ; 0            ; 0       ; 0         ; 0    ; 0            ; |VendingMachine|DisplayModule:display|lpm_divide:Div0                                                                                   ;              ;
;          |lpm_divide_1dm:auto_generated|  ; 5 (0)             ; 0 (0)        ; 0           ; 0            ; 0       ; 0         ; 0    ; 0            ; |VendingMachine|DisplayModule:display|lpm_divide:Div0|lpm_divide_1dm:auto_generated                                                     ;              ;
;             |sign_div_unsign_bkh:divider| ; 5 (0)             ; 0 (0)        ; 0           ; 0            ; 0       ; 0         ; 0    ; 0            ; |VendingMachine|DisplayModule:display|lpm_divide:Div0|lpm_divide_1dm:auto_generated|sign_div_unsign_bkh:divider                         ;              ;
;                |alt_u_div_ove:divider|    ; 5 (5)             ; 0 (0)        ; 0           ; 0            ; 0       ; 0         ; 0    ; 0            ; |VendingMachine|DisplayModule:display|lpm_divide:Div0|lpm_divide_1dm:auto_generated|sign_div_unsign_bkh:divider|alt_u_div_ove:divider   ;              ;
;       |lpm_divide:Mod0|                   ; 8 (0)             ; 0 (0)        ; 0           ; 0            ; 0       ; 0         ; 0    ; 0            ; |VendingMachine|DisplayModule:display|lpm_divide:Mod0                                                                                   ;              ;
;          |lpm_divide_45m:auto_generated|  ; 8 (0)             ; 0 (0)        ; 0           ; 0            ; 0       ; 0         ; 0    ; 0            ; |VendingMachine|DisplayModule:display|lpm_divide:Mod0|lpm_divide_45m:auto_generated                                                     ;              ;
;             |sign_div_unsign_bkh:divider| ; 8 (0)             ; 0 (0)        ; 0           ; 0            ; 0       ; 0         ; 0    ; 0            ; |VendingMachine|DisplayModule:display|lpm_divide:Mod0|lpm_divide_45m:auto_generated|sign_div_unsign_bkh:divider                         ;              ;
;                |alt_u_div_ove:divider|    ; 8 (8)             ; 0 (0)        ; 0           ; 0            ; 0       ; 0         ; 0    ; 0            ; |VendingMachine|DisplayModule:display|lpm_divide:Mod0|lpm_divide_45m:auto_generated|sign_div_unsign_bkh:divider|alt_u_div_ove:divider   ;              ;
;    |Product_codetoprice:comb_11|          ; 4 (4)             ; 4 (4)        ; 0           ; 0            ; 0       ; 0         ; 0    ; 0            ; |VendingMachine|Product_codetoprice:comb_11                                                                                             ;              ;
;    |VendingMachineController:controller|  ; 45 (45)           ; 24 (24)      ; 0           ; 0            ; 0       ; 0         ; 0    ; 0            ; |VendingMachine|VendingMachineController:controller                                                                                     ;              ;
;    |clk_1hz:clk1|                         ; 31 (0)            ; 30 (0)       ; 0           ; 0            ; 0       ; 0         ; 0    ; 0            ; |VendingMachine|clk_1hz:clk1                                                                                                            ;              ;
;       |divide_by_10:d0|                   ; 4 (4)             ; 4 (4)        ; 0           ; 0            ; 0       ; 0         ; 0    ; 0            ; |VendingMachine|clk_1hz:clk1|divide_by_10:d0                                                                                            ;              ;
;       |divide_by_10:d1|                   ; 4 (4)             ; 4 (4)        ; 0           ; 0            ; 0       ; 0         ; 0    ; 0            ; |VendingMachine|clk_1hz:clk1|divide_by_10:d1                                                                                            ;              ;
;       |divide_by_10:d2|                   ; 4 (4)             ; 4 (4)        ; 0           ; 0            ; 0       ; 0         ; 0    ; 0            ; |VendingMachine|clk_1hz:clk1|divide_by_10:d2                                                                                            ;              ;
;       |divide_by_10:d3|                   ; 4 (4)             ; 4 (4)        ; 0           ; 0            ; 0       ; 0         ; 0    ; 0            ; |VendingMachine|clk_1hz:clk1|divide_by_10:d3                                                                                            ;              ;
;       |divide_by_10:d4|                   ; 4 (4)             ; 4 (4)        ; 0           ; 0            ; 0       ; 0         ; 0    ; 0            ; |VendingMachine|clk_1hz:clk1|divide_by_10:d4                                                                                            ;              ;
;       |divide_by_10:d5|                   ; 4 (4)             ; 4 (4)        ; 0           ; 0            ; 0       ; 0         ; 0    ; 0            ; |VendingMachine|clk_1hz:clk1|divide_by_10:d5                                                                                            ;              ;
;       |divide_by_50:d6|                   ; 7 (7)             ; 6 (6)        ; 0           ; 0            ; 0       ; 0         ; 0    ; 0            ; |VendingMachine|clk_1hz:clk1|divide_by_50:d6                                                                                            ;              ;
+-------------------------------------------+-------------------+--------------+-------------+--------------+---------+-----------+------+--------------+-----------------------------------------------------------------------------------------------------------------------------------------+--------------+
Note: For table entries with two numbers listed, the numbers in parentheses indicate the number of resources of the given type used by the specific entity alone. The numbers listed outside of parentheses indicate the total resources of the given type used by the specific entity and all of its sub-entities in the hierarchy.


+-------------------------------------------------------------------------------------------+
; Registers Removed During Synthesis                                                        ;
+--------------------------------------------------+----------------------------------------+
; Register name                                    ; Reason for Removal                     ;
+--------------------------------------------------+----------------------------------------+
; InitializeModule:initializer|initial_value[0..3] ; Stuck at GND due to stuck port data_in ;
; Product_codetoprice:comb_11|product_price[4..7]  ; Stuck at GND due to stuck port data_in ;
; DisplayModule:display|seven_segment_map~0        ; Stuck at GND due to stuck port clock   ;
; DisplayModule:display|seven_segment_map~1        ; Stuck at GND due to stuck port clock   ;
; DisplayModule:display|seven_segment_map~2        ; Stuck at GND due to stuck port clock   ;
; DisplayModule:display|seven_segment_map~3        ; Stuck at GND due to stuck port clock   ;
; DisplayModule:display|seven_segment_map~4        ; Stuck at GND due to stuck port clock   ;
; DisplayModule:display|seven_segment_map~5        ; Stuck at GND due to stuck port clock   ;
; DisplayModule:display|seven_segment_map~6        ; Stuck at GND due to stuck port clock   ;
; DisplayModule:display|seven_segment_map~7        ; Stuck at GND due to stuck port clock   ;
; DisplayModule:display|seven_segment_map~8        ; Stuck at GND due to stuck port clock   ;
; DisplayModule:display|seven_segment_map~9        ; Stuck at GND due to stuck port clock   ;
; DisplayModule:display|seven_segment_map~10       ; Stuck at GND due to stuck port clock   ;
; DisplayModule:display|seven_segment_map~11       ; Stuck at GND due to stuck port clock   ;
; DisplayModule:display|seven_segment_map~12       ; Stuck at GND due to stuck port clock   ;
; DisplayModule:display|seven_segment_map~13       ; Stuck at GND due to stuck port clock   ;
; DisplayModule:display|seven_segment_map~14       ; Stuck at GND due to stuck port clock   ;
; DisplayModule:display|seven_segment_map~15       ; Stuck at GND due to stuck port clock   ;
; DisplayModule:display|seven_segment_map~16       ; Stuck at GND due to stuck port clock   ;
; DisplayModule:display|seven_segment_map~17       ; Stuck at GND due to stuck port clock   ;
; DisplayModule:display|seven_segment_map~18       ; Stuck at GND due to stuck port clock   ;
; DisplayModule:display|seven_segment_map~19       ; Stuck at GND due to stuck port clock   ;
; DisplayModule:display|seven_segment_map~20       ; Stuck at GND due to stuck port clock   ;
; DisplayModule:display|seven_segment_map~21       ; Stuck at GND due to stuck port clock   ;
; DisplayModule:display|seven_segment_map~22       ; Stuck at GND due to stuck port clock   ;
; DisplayModule:display|seven_segment_map~23       ; Stuck at GND due to stuck port clock   ;
; DisplayModule:display|seven_segment_map~24       ; Stuck at GND due to stuck port clock   ;
; DisplayModule:display|seven_segment_map~25       ; Stuck at GND due to stuck port clock   ;
; DisplayModule:display|seven_segment_map~26       ; Stuck at GND due to stuck port clock   ;
; DisplayModule:display|seven_segment_map~27       ; Stuck at GND due to stuck port clock   ;
; DisplayModule:display|seven_segment_map~28       ; Stuck at GND due to stuck port clock   ;
; DisplayModule:display|seven_segment_map~29       ; Stuck at GND due to stuck port clock   ;
; DisplayModule:display|seven_segment_map~30       ; Stuck at GND due to stuck port clock   ;
; DisplayModule:display|seven_segment_map~31       ; Stuck at GND due to stuck port clock   ;
; DisplayModule:display|seven_segment_map~32       ; Stuck at GND due to stuck port clock   ;
; DisplayModule:display|seven_segment_map~33       ; Stuck at GND due to stuck port clock   ;
; DisplayModule:display|seven_segment_map~34       ; Stuck at GND due to stuck port clock   ;
; DisplayModule:display|seven_segment_map~35       ; Stuck at GND due to stuck port clock   ;
; DisplayModule:display|seven_segment_map~36       ; Stuck at GND due to stuck port clock   ;
; DisplayModule:display|seven_segment_map~37       ; Stuck at GND due to stuck port clock   ;
; DisplayModule:display|seven_segment_map~38       ; Stuck at GND due to stuck port clock   ;
; DisplayModule:display|seven_segment_map~39       ; Stuck at GND due to stuck port clock   ;
; DisplayModule:display|seven_segment_map~40       ; Stuck at GND due to stuck port clock   ;
; DisplayModule:display|seven_segment_map~41       ; Stuck at GND due to stuck port clock   ;
; DisplayModule:display|seven_segment_map~42       ; Stuck at GND due to stuck port clock   ;
; DisplayModule:display|seven_segment_map~43       ; Stuck at GND due to stuck port clock   ;
; DisplayModule:display|seven_segment_map~44       ; Stuck at GND due to stuck port clock   ;
; DisplayModule:display|seven_segment_map~45       ; Stuck at GND due to stuck port clock   ;
; DisplayModule:display|seven_segment_map~46       ; Stuck at GND due to stuck port clock   ;
; DisplayModule:display|seven_segment_map~47       ; Stuck at GND due to stuck port clock   ;
; DisplayModule:display|seven_segment_map~48       ; Stuck at GND due to stuck port clock   ;
; DisplayModule:display|seven_segment_map~49       ; Stuck at GND due to stuck port clock   ;
; DisplayModule:display|seven_segment_map~50       ; Stuck at GND due to stuck port clock   ;
; DisplayModule:display|seven_segment_map~51       ; Stuck at GND due to stuck port clock   ;
; DisplayModule:display|seven_segment_map~52       ; Stuck at GND due to stuck port clock   ;
; DisplayModule:display|seven_segment_map~53       ; Stuck at GND due to stuck port clock   ;
; DisplayModule:display|seven_segment_map~54       ; Stuck at GND due to stuck port clock   ;
; DisplayModule:display|seven_segment_map~55       ; Stuck at GND due to stuck port clock   ;
; DisplayModule:display|seven_segment_map~56       ; Stuck at GND due to stuck port clock   ;
; DisplayModule:display|seven_segment_map~57       ; Stuck at GND due to stuck port clock   ;
; DisplayModule:display|seven_segment_map~58       ; Stuck at GND due to stuck port clock   ;
; DisplayModule:display|seven_segment_map~59       ; Stuck at GND due to stuck port clock   ;
; DisplayModule:display|seven_segment_map~60       ; Stuck at GND due to stuck port clock   ;
; DisplayModule:display|seven_segment_map~61       ; Stuck at GND due to stuck port clock   ;
; DisplayModule:display|seven_segment_map~62       ; Stuck at GND due to stuck port clock   ;
; DisplayModule:display|seven_segment_map~63       ; Stuck at GND due to stuck port clock   ;
; DisplayModule:display|seven_segment_map~64       ; Stuck at GND due to stuck port clock   ;
; DisplayModule:display|seven_segment_map~65       ; Stuck at GND due to stuck port clock   ;
; DisplayModule:display|seven_segment_map~66       ; Stuck at GND due to stuck port clock   ;
; DisplayModule:display|seven_segment_map~67       ; Stuck at GND due to stuck port clock   ;
; DisplayModule:display|seven_segment_map~68       ; Stuck at GND due to stuck port clock   ;
; DisplayModule:display|seven_segment_map~69       ; Stuck at GND due to stuck port clock   ;
; DisplayModule:display_1|seven_segment_map~0      ; Stuck at GND due to stuck port clock   ;
; DisplayModule:display_1|seven_segment_map~1      ; Stuck at GND due to stuck port clock   ;
; DisplayModule:display_1|seven_segment_map~2      ; Stuck at GND due to stuck port clock   ;
; DisplayModule:display_1|seven_segment_map~3      ; Stuck at GND due to stuck port clock   ;
; DisplayModule:display_1|seven_segment_map~4      ; Stuck at GND due to stuck port clock   ;
; DisplayModule:display_1|seven_segment_map~5      ; Stuck at GND due to stuck port clock   ;
; DisplayModule:display_1|seven_segment_map~6      ; Stuck at GND due to stuck port clock   ;
; DisplayModule:display_1|seven_segment_map~7      ; Stuck at GND due to stuck port clock   ;
; DisplayModule:display_1|seven_segment_map~8      ; Stuck at GND due to stuck port clock   ;
; DisplayModule:display_1|seven_segment_map~9      ; Stuck at GND due to stuck port clock   ;
; DisplayModule:display_1|seven_segment_map~10     ; Stuck at GND due to stuck port clock   ;
; DisplayModule:display_1|seven_segment_map~11     ; Stuck at GND due to stuck port clock   ;
; DisplayModule:display_1|seven_segment_map~12     ; Stuck at GND due to stuck port clock   ;
; DisplayModule:display_1|seven_segment_map~13     ; Stuck at GND due to stuck port clock   ;
; DisplayModule:display_1|seven_segment_map~14     ; Stuck at GND due to stuck port clock   ;
; DisplayModule:display_1|seven_segment_map~15     ; Stuck at GND due to stuck port clock   ;
; DisplayModule:display_1|seven_segment_map~16     ; Stuck at GND due to stuck port clock   ;
; DisplayModule:display_1|seven_segment_map~17     ; Stuck at GND due to stuck port clock   ;
; DisplayModule:display_1|seven_segment_map~18     ; Stuck at GND due to stuck port clock   ;
; DisplayModule:display_1|seven_segment_map~19     ; Stuck at GND due to stuck port clock   ;
; DisplayModule:display_1|seven_segment_map~20     ; Stuck at GND due to stuck port clock   ;
; DisplayModule:display_1|seven_segment_map~21     ; Stuck at GND due to stuck port clock   ;
; DisplayModule:display_1|seven_segment_map~22     ; Stuck at GND due to stuck port clock   ;
; DisplayModule:display_1|seven_segment_map~23     ; Stuck at GND due to stuck port clock   ;
; DisplayModule:display_1|seven_segment_map~24     ; Stuck at GND due to stuck port clock   ;
; DisplayModule:display_1|seven_segment_map~25     ; Stuck at GND due to stuck port clock   ;
; DisplayModule:display_1|seven_segment_map~26     ; Stuck at GND due to stuck port clock   ;
; DisplayModule:display_1|seven_segment_map~27     ; Stuck at GND due to stuck port clock   ;
; DisplayModule:display_1|seven_segment_map~28     ; Stuck at GND due to stuck port clock   ;
; DisplayModule:display_1|seven_segment_map~29     ; Stuck at GND due to stuck port clock   ;
; DisplayModule:display_1|seven_segment_map~30     ; Stuck at GND due to stuck port clock   ;
; DisplayModule:display_1|seven_segment_map~31     ; Stuck at GND due to stuck port clock   ;
; DisplayModule:display_1|seven_segment_map~32     ; Stuck at GND due to stuck port clock   ;
; DisplayModule:display_1|seven_segment_map~33     ; Stuck at GND due to stuck port clock   ;
; DisplayModule:display_1|seven_segment_map~34     ; Stuck at GND due to stuck port clock   ;
; DisplayModule:display_1|seven_segment_map~35     ; Stuck at GND due to stuck port clock   ;
; DisplayModule:display_1|seven_segment_map~36     ; Stuck at GND due to stuck port clock   ;
; DisplayModule:display_1|seven_segment_map~37     ; Stuck at GND due to stuck port clock   ;
; DisplayModule:display_1|seven_segment_map~38     ; Stuck at GND due to stuck port clock   ;
; DisplayModule:display_1|seven_segment_map~39     ; Stuck at GND due to stuck port clock   ;
; DisplayModule:display_1|seven_segment_map~40     ; Stuck at GND due to stuck port clock   ;
; DisplayModule:display_1|seven_segment_map~41     ; Stuck at GND due to stuck port clock   ;
; DisplayModule:display_1|seven_segment_map~42     ; Stuck at GND due to stuck port clock   ;
; DisplayModule:display_1|seven_segment_map~43     ; Stuck at GND due to stuck port clock   ;
; DisplayModule:display_1|seven_segment_map~44     ; Stuck at GND due to stuck port clock   ;
; DisplayModule:display_1|seven_segment_map~45     ; Stuck at GND due to stuck port clock   ;
; DisplayModule:display_1|seven_segment_map~46     ; Stuck at GND due to stuck port clock   ;
; DisplayModule:display_1|seven_segment_map~47     ; Stuck at GND due to stuck port clock   ;
; DisplayModule:display_1|seven_segment_map~48     ; Stuck at GND due to stuck port clock   ;
; DisplayModule:display_1|seven_segment_map~49     ; Stuck at GND due to stuck port clock   ;
; DisplayModule:display_1|seven_segment_map~50     ; Stuck at GND due to stuck port clock   ;
; DisplayModule:display_1|seven_segment_map~51     ; Stuck at GND due to stuck port clock   ;
; DisplayModule:display_1|seven_segment_map~52     ; Stuck at GND due to stuck port clock   ;
; DisplayModule:display_1|seven_segment_map~53     ; Stuck at GND due to stuck port clock   ;
; DisplayModule:display_1|seven_segment_map~54     ; Stuck at GND due to stuck port clock   ;
; DisplayModule:display_1|seven_segment_map~55     ; Stuck at GND due to stuck port clock   ;
; DisplayModule:display_1|seven_segment_map~56     ; Stuck at GND due to stuck port clock   ;
; DisplayModule:display_1|seven_segment_map~57     ; Stuck at GND due to stuck port clock   ;
; DisplayModule:display_1|seven_segment_map~58     ; Stuck at GND due to stuck port clock   ;
; DisplayModule:display_1|seven_segment_map~59     ; Stuck at GND due to stuck port clock   ;
; DisplayModule:display_1|seven_segment_map~60     ; Stuck at GND due to stuck port clock   ;
; DisplayModule:display_1|seven_segment_map~61     ; Stuck at GND due to stuck port clock   ;
; DisplayModule:display_1|seven_segment_map~62     ; Stuck at GND due to stuck port clock   ;
; DisplayModule:display_1|seven_segment_map~63     ; Stuck at GND due to stuck port clock   ;
; DisplayModule:display_1|seven_segment_map~64     ; Stuck at GND due to stuck port clock   ;
; DisplayModule:display_1|seven_segment_map~65     ; Stuck at GND due to stuck port clock   ;
; DisplayModule:display_1|seven_segment_map~66     ; Stuck at GND due to stuck port clock   ;
; DisplayModule:display_1|seven_segment_map~67     ; Stuck at GND due to stuck port clock   ;
; DisplayModule:display_1|seven_segment_map~68     ; Stuck at GND due to stuck port clock   ;
; DisplayModule:display_1|seven_segment_map~69     ; Stuck at GND due to stuck port clock   ;
; Total Number of Removed Registers = 148          ;                                        ;
+--------------------------------------------------+----------------------------------------+


+------------------------------------------------------+
; General Register Statistics                          ;
+----------------------------------------------+-------+
; Statistic                                    ; Value ;
+----------------------------------------------+-------+
; Total registers                              ; 63    ;
; Number of registers using Synchronous Clear  ; 5     ;
; Number of registers using Synchronous Load   ; 1     ;
; Number of registers using Asynchronous Clear ; 34    ;
; Number of registers using Asynchronous Load  ; 0     ;
; Number of registers using Clock Enable       ; 20    ;
; Number of registers using Preset             ; 0     ;
+----------------------------------------------+-------+


+---------------------------------------------------------------------------------------------------------------------------------------------------------------------------------+
; Multiplexer Restructuring Statistics (Restructuring Performed)                                                                                                                  ;
+--------------------+-----------+---------------+----------------------+------------------------+------------+-------------------------------------------------------------------+
; Multiplexer Inputs ; Bus Width ; Baseline Area ; Area if Restructured ; Saving if Restructured ; Registered ; Example Multiplexer Output                                        ;
+--------------------+-----------+---------------+----------------------+------------------------+------------+-------------------------------------------------------------------+
; 7:1                ; 7 bits    ; 28 LEs        ; 7 LEs                ; 21 LEs                 ; Yes        ; |VendingMachine|VendingMachineController:controller|coin_total[7] ;
+--------------------+-----------+---------------+----------------------+------------------------+------------+-------------------------------------------------------------------+


+----------------------------------------------------------------------------------------+
; Parameter Settings for Inferred Entity Instance: DisplayModule:display|lpm_divide:Mod0 ;
+------------------------+----------------+----------------------------------------------+
; Parameter Name         ; Value          ; Type                                         ;
+------------------------+----------------+----------------------------------------------+
; LPM_WIDTHN             ; 8              ; Untyped                                      ;
; LPM_WIDTHD             ; 4              ; Untyped                                      ;
; LPM_NREPRESENTATION    ; UNSIGNED       ; Untyped                                      ;
; LPM_DREPRESENTATION    ; UNSIGNED       ; Untyped                                      ;
; LPM_PIPELINE           ; 0              ; Untyped                                      ;
; LPM_REMAINDERPOSITIVE  ; TRUE           ; Untyped                                      ;
; MAXIMIZE_SPEED         ; 5              ; Untyped                                      ;
; CBXI_PARAMETER         ; lpm_divide_45m ; Untyped                                      ;
; CARRY_CHAIN            ; MANUAL         ; Untyped                                      ;
; OPTIMIZE_FOR_SPEED     ; 5              ; Untyped                                      ;
; AUTO_CARRY_CHAINS      ; ON             ; AUTO_CARRY                                   ;
; IGNORE_CARRY_BUFFERS   ; OFF            ; IGNORE_CARRY                                 ;
; AUTO_CASCADE_CHAINS    ; ON             ; AUTO_CASCADE                                 ;
; IGNORE_CASCADE_BUFFERS ; OFF            ; IGNORE_CASCADE                               ;
+------------------------+----------------+----------------------------------------------+
Note: In order to hide this table in the UI and the text report file, please set the "Show Parameter Settings Tables in Synthesis Report" option in "Analysis and Synthesis Settings -> More Settings" to "Off".


+----------------------------------------------------------------------------------------+
; Parameter Settings for Inferred Entity Instance: DisplayModule:display|lpm_divide:Div0 ;
+------------------------+----------------+----------------------------------------------+
; Parameter Name         ; Value          ; Type                                         ;
+------------------------+----------------+----------------------------------------------+
; LPM_WIDTHN             ; 8              ; Untyped                                      ;
; LPM_WIDTHD             ; 4              ; Untyped                                      ;
; LPM_NREPRESENTATION    ; UNSIGNED       ; Untyped                                      ;
; LPM_DREPRESENTATION    ; UNSIGNED       ; Untyped                                      ;
; LPM_PIPELINE           ; 0              ; Untyped                                      ;
; LPM_REMAINDERPOSITIVE  ; TRUE           ; Untyped                                      ;
; MAXIMIZE_SPEED         ; 5              ; Untyped                                      ;
; CBXI_PARAMETER         ; lpm_divide_1dm ; Untyped                                      ;
; CARRY_CHAIN            ; MANUAL         ; Untyped                                      ;
; OPTIMIZE_FOR_SPEED     ; 5              ; Untyped                                      ;
; AUTO_CARRY_CHAINS      ; ON             ; AUTO_CARRY                                   ;
; IGNORE_CARRY_BUFFERS   ; OFF            ; IGNORE_CARRY                                 ;
; AUTO_CASCADE_CHAINS    ; ON             ; AUTO_CASCADE                                 ;
; IGNORE_CASCADE_BUFFERS ; OFF            ; IGNORE_CASCADE                               ;
+------------------------+----------------+----------------------------------------------+
Note: In order to hide this table in the UI and the text report file, please set the "Show Parameter Settings Tables in Synthesis Report" option in "Analysis and Synthesis Settings -> More Settings" to "Off".


+------------------------------------------------------------------------------------------+
; Parameter Settings for Inferred Entity Instance: DisplayModule:display_1|lpm_divide:Mod0 ;
+------------------------+----------------+------------------------------------------------+
; Parameter Name         ; Value          ; Type                                           ;
+------------------------+----------------+------------------------------------------------+
; LPM_WIDTHN             ; 8              ; Untyped                                        ;
; LPM_WIDTHD             ; 4              ; Untyped                                        ;
; LPM_NREPRESENTATION    ; UNSIGNED       ; Untyped                                        ;
; LPM_DREPRESENTATION    ; UNSIGNED       ; Untyped                                        ;
; LPM_PIPELINE           ; 0              ; Untyped                                        ;
; LPM_REMAINDERPOSITIVE  ; TRUE           ; Untyped                                        ;
; MAXIMIZE_SPEED         ; 5              ; Untyped                                        ;
; CBXI_PARAMETER         ; lpm_divide_45m ; Untyped                                        ;
; CARRY_CHAIN            ; MANUAL         ; Untyped                                        ;
; OPTIMIZE_FOR_SPEED     ; 5              ; Untyped                                        ;
; AUTO_CARRY_CHAINS      ; ON             ; AUTO_CARRY                                     ;
; IGNORE_CARRY_BUFFERS   ; OFF            ; IGNORE_CARRY                                   ;
; AUTO_CASCADE_CHAINS    ; ON             ; AUTO_CASCADE                                   ;
; IGNORE_CASCADE_BUFFERS ; OFF            ; IGNORE_CASCADE                                 ;
+------------------------+----------------+------------------------------------------------+
Note: In order to hide this table in the UI and the text report file, please set the "Show Parameter Settings Tables in Synthesis Report" option in "Analysis and Synthesis Settings -> More Settings" to "Off".


+------------------------------------------------------------------------------------------+
; Parameter Settings for Inferred Entity Instance: DisplayModule:display_1|lpm_divide:Div0 ;
+------------------------+----------------+------------------------------------------------+
; Parameter Name         ; Value          ; Type                                           ;
+------------------------+----------------+------------------------------------------------+
; LPM_WIDTHN             ; 8              ; Untyped                                        ;
; LPM_WIDTHD             ; 4              ; Untyped                                        ;
; LPM_NREPRESENTATION    ; UNSIGNED       ; Untyped                                        ;
; LPM_DREPRESENTATION    ; UNSIGNED       ; Untyped                                        ;
; LPM_PIPELINE           ; 0              ; Untyped                                        ;
; LPM_REMAINDERPOSITIVE  ; TRUE           ; Untyped                                        ;
; MAXIMIZE_SPEED         ; 5              ; Untyped                                        ;
; CBXI_PARAMETER         ; lpm_divide_1dm ; Untyped                                        ;
; CARRY_CHAIN            ; MANUAL         ; Untyped                                        ;
; OPTIMIZE_FOR_SPEED     ; 5              ; Untyped                                        ;
; AUTO_CARRY_CHAINS      ; ON             ; AUTO_CARRY                                     ;
; IGNORE_CARRY_BUFFERS   ; OFF            ; IGNORE_CARRY                                   ;
; AUTO_CASCADE_CHAINS    ; ON             ; AUTO_CASCADE                                   ;
; IGNORE_CASCADE_BUFFERS ; OFF            ; IGNORE_CASCADE                                 ;
+------------------------+----------------+------------------------------------------------+
Note: In order to hide this table in the UI and the text report file, please set the "Show Parameter Settings Tables in Synthesis Report" option in "Analysis and Synthesis Settings -> More Settings" to "Off".


+------------------------------------------------------------------------------------------------------------------------------------------------------------------------------------+
; Port Connectivity Checks: "VendingMachineController:controller"                                                                                                                    ;
+------------+-------+----------+----------------------------------------------------------------------------------------------------------------------------------------------------+
; Port       ; Type  ; Severity ; Details                                                                                                                                            ;
+------------+-------+----------+----------------------------------------------------------------------------------------------------------------------------------------------------+
; coin_value ; Input ; Warning  ; Input port expression (1 bits) is smaller than the input port (8 bits) it drives.  Extra input bit(s) "coin_value[7..1]" will be connected to GND. ;
+------------+-------+----------+----------------------------------------------------------------------------------------------------------------------------------------------------+


+-------------------------------------------------------------------------------------------------------------------------+
; Port Connectivity Checks: "SalesTotalReset:sales_total_reset"                                                           ;
+---------------+--------+----------+-------------------------------------------------------------------------------------+
; Port          ; Type   ; Severity ; Details                                                                             ;
+---------------+--------+----------+-------------------------------------------------------------------------------------+
; cleared_total ; Output ; Info     ; Connected to dangling logic. Logic that only feeds a dangling port will be removed. ;
+---------------+--------+----------+-------------------------------------------------------------------------------------+


+----------------------------------------------------------------------------------------------------------------------------------------------------------------+
; Port Connectivity Checks: "CoinDetector:coin_detector"                                                                                                         ;
+------------+--------+----------+-------------------------------------------------------------------------------------------------------------------------------+
; Port       ; Type   ; Severity ; Details                                                                                                                       ;
+------------+--------+----------+-------------------------------------------------------------------------------------------------------------------------------+
; coin_value ; Output ; Warning  ; Output or bidir port (8 bits) is wider than the port expression (1 bits) it drives; bit(s) "coin_value[7..1]" have no fanouts ;
+------------+--------+----------+-------------------------------------------------------------------------------------------------------------------------------+


+-------------------------------+
; Analysis & Synthesis Messages ;
+-------------------------------+
Info: *******************************************************************
Info: Running Quartus II Analysis & Synthesis
    Info: Version 9.1 Build 350 03/24/2010 Service Pack 2 SJ Web Edition
    Info: Processing started: Thu Sep 07 16:26:56 2023
Info: Command: quartus_map --read_settings_files=on --write_settings_files=off VendingMachine -c VendingMachine
Info: Found 1 design units, including 1 entities, in source file vendingmachine.v
    Info: Found entity 1: VendingMachine
Info: Found 1 design units, including 1 entities, in source file changemodule.v
    Info: Found entity 1: ChangeModule
Info: Found 1 design units, including 1 entities, in source file initializemodule.v
    Info: Found entity 1: InitializeModule
Info: Found 1 design units, including 1 entities, in source file displaymodule.v
    Info: Found entity 1: DisplayModule
Info: Found 1 design units, including 1 entities, in source file salestotalreset.v
    Info: Found entity 1: SalesTotalReset
Info: Found 1 design units, including 1 entities, in source file vendingmachinecontroller.v
    Info: Found entity 1: VendingMachineController
Info: Found 1 design units, including 1 entities, in source file clockdivider.v
    Info: Found entity 1: ClockDivider
Info: Found 1 design units, including 1 entities, in source file coindetector.v
    Info: Found entity 1: CoinDetector
Warning (10238): Verilog Module Declaration warning at clk_1hz.v(21): ignored anonymous port(s) indicated by duplicate or dangling comma(s) in the port list for module "divide_by_10"
Info: Found 3 design units, including 3 entities, in source file clk_1hz.v
    Info: Found entity 1: clk_1hz
    Info: Found entity 2: divide_by_10
    Info: Found entity 3: divide_by_50
Info: Found 1 design units, including 1 entities, in source file product_codetoprice.v
    Info: Found entity 1: Product_codetoprice
Warning (10236): Verilog HDL Implicit Net warning at VendingMachine.v(39): created implicit net for "coin_value"
Critical Warning (10846): Verilog HDL Instantiation warning at VendingMachine.v(37): instance has no name
Info: Elaborating entity "VendingMachine" for the top level hierarchy
Warning (10034): Output port "cleared_sales_total" at VendingMachine.v(14) has no driver
Info: Elaborating entity "Product_codetoprice" for hierarchy "Product_codetoprice:comb_11"
Info (10264): Verilog HDL Case Statement information at Product_codetoprice.v(9): all case item expressions in this case statement are onehot
Info: Elaborating entity "CoinDetector" for hierarchy "CoinDetector:coin_detector"
Info (10264): Verilog HDL Case Statement information at CoinDetector.v(11): all case item expressions in this case statement are onehot
Info: Elaborating entity "clk_1hz" for hierarchy "clk_1hz:clk1"
Info: Elaborating entity "divide_by_50" for hierarchy "clk_1hz:clk1|divide_by_50:d6"
Info: Elaborating entity "divide_by_10" for hierarchy "clk_1hz:clk1|divide_by_10:d5"
Info: Elaborating entity "SalesTotalReset" for hierarchy "SalesTotalReset:sales_total_reset"
Warning (10240): Verilog HDL Always Construct warning at SalesTotalReset.v(10): inferring latch(es) for variable "total", which holds its previous value in one or more paths through the always construct
Info (10041): Inferred latch for "total[0]" at SalesTotalReset.v(10)
Info (10041): Inferred latch for "total[1]" at SalesTotalReset.v(10)
Info (10041): Inferred latch for "total[2]" at SalesTotalReset.v(10)
Info (10041): Inferred latch for "total[3]" at SalesTotalReset.v(10)
Info: Elaborating entity "VendingMachineController" for hierarchy "VendingMachineController:controller"
Warning (10230): Verilog HDL assignment warning at VendingMachineController.v(37): truncated value with size 8 to match size of target (4)
Info: Elaborating entity "DisplayModule" for hierarchy "DisplayModule:display"
Warning (10230): Verilog HDL assignment warning at DisplayModule.v(9): truncated value with size 32 to match size of target (4)
Warning (10230): Verilog HDL assignment warning at DisplayModule.v(10): truncated value with size 32 to match size of target (4)
Warning (10030): Net "seven_segment_map.data_a" at DisplayModule.v(12) has no driver or initial value, using a default initial value '0'
Warning (10030): Net "seven_segment_map.waddr_a" at DisplayModule.v(12) has no driver or initial value, using a default initial value '0'
Warning (10030): Net "seven_segment_map.we_a" at DisplayModule.v(12) has no driver or initial value, using a default initial value '0'
Info: Elaborating entity "InitializeModule" for hierarchy "InitializeModule:initializer"
Info: Found 2 instances of uninferred RAM logic
    Info: RAM logic "DisplayModule:display|seven_segment_map" is uninferred due to inappropriate RAM size
    Info: RAM logic "DisplayModule:display_1|seven_segment_map" is uninferred due to inappropriate RAM size
Critical Warning: Memory depth (16) in the design file differs from memory depth (10) in the Memory Initialization File "VendingMachine.ram0_DisplayModule_3fc62259.hdl.mif" -- setting initial value for remaining addresses to 0
Info: Inferred 4 megafunctions from design logic
    Info: Inferred divider/modulo megafunction ("lpm_divide") from the following logic: "DisplayModule:display|Mod0"
    Info: Inferred divider/modulo megafunction ("lpm_divide") from the following logic: "DisplayModule:display|Div0"
    Info: Inferred divider/modulo megafunction ("lpm_divide") from the following logic: "DisplayModule:display_1|Mod0"
    Info: Inferred divider/modulo megafunction ("lpm_divide") from the following logic: "DisplayModule:display_1|Div0"
Info: Elaborated megafunction instantiation "DisplayModule:display|lpm_divide:Mod0"
Info: Instantiated megafunction "DisplayModule:display|lpm_divide:Mod0" with the following parameter:
    Info: Parameter "LPM_WIDTHN" = "8"
    Info: Parameter "LPM_WIDTHD" = "4"
    Info: Parameter "LPM_NREPRESENTATION" = "UNSIGNED"
    Info: Parameter "LPM_DREPRESENTATION" = "UNSIGNED"
Info: Found 1 design units, including 1 entities, in source file db/lpm_divide_45m.tdf
    Info: Found entity 1: lpm_divide_45m
Info: Found 1 design units, including 1 entities, in source file db/sign_div_unsign_bkh.tdf
    Info: Found entity 1: sign_div_unsign_bkh
Info: Found 1 design units, including 1 entities, in source file db/alt_u_div_ove.tdf
    Info: Found entity 1: alt_u_div_ove
Info: Found 1 design units, including 1 entities, in source file db/add_sub_lkc.tdf
    Info: Found entity 1: add_sub_lkc
Info: Found 1 design units, including 1 entities, in source file db/add_sub_mkc.tdf
    Info: Found entity 1: add_sub_mkc
Info: Elaborated megafunction instantiation "DisplayModule:display|lpm_divide:Div0"
Info: Instantiated megafunction "DisplayModule:display|lpm_divide:Div0" with the following parameter:
    Info: Parameter "LPM_WIDTHN" = "8"
    Info: Parameter "LPM_WIDTHD" = "4"
    Info: Parameter "LPM_NREPRESENTATION" = "UNSIGNED"
    Info: Parameter "LPM_DREPRESENTATION" = "UNSIGNED"
Info: Found 1 design units, including 1 entities, in source file db/lpm_divide_1dm.tdf
    Info: Found entity 1: lpm_divide_1dm
Info: Elaborated megafunction instantiation "DisplayModule:display_1|lpm_divide:Mod0"
Info: Instantiated megafunction "DisplayModule:display_1|lpm_divide:Mod0" with the following parameter:
    Info: Parameter "LPM_WIDTHN" = "8"
    Info: Parameter "LPM_WIDTHD" = "4"
    Info: Parameter "LPM_NREPRESENTATION" = "UNSIGNED"
    Info: Parameter "LPM_DREPRESENTATION" = "UNSIGNED"
Info: Elaborated megafunction instantiation "DisplayModule:display_1|lpm_divide:Div0"
Info: Instantiated megafunction "DisplayModule:display_1|lpm_divide:Div0" with the following parameter:
    Info: Parameter "LPM_WIDTHN" = "8"
    Info: Parameter "LPM_WIDTHD" = "4"
    Info: Parameter "LPM_NREPRESENTATION" = "UNSIGNED"
    Info: Parameter "LPM_DREPRESENTATION" = "UNSIGNED"
Warning: 2 hierarchies have connectivity warnings - see the Connectivity Checks report folder
Warning: Output pins are stuck at VCC or GND
    Warning (13410): Pin "sales_total[0]" is stuck at GND
    Warning (13410): Pin "sales_total[1]" is stuck at GND
    Warning (13410): Pin "sales_total[2]" is stuck at GND
    Warning (13410): Pin "sales_total[3]" is stuck at GND
    Warning (13410): Pin "cleared_sales_total[0]" is stuck at GND
    Warning (13410): Pin "cleared_sales_total[1]" is stuck at GND
    Warning (13410): Pin "cleared_sales_total[2]" is stuck at GND
    Warning (13410): Pin "cleared_sales_total[3]" is stuck at GND
    Warning (13410): Pin "display_segments[8]" is stuck at GND
    Warning (13410): Pin "display_segments[9]" is stuck at GND
    Warning (13410): Pin "display_segments[13]" is stuck at VCC
    Warning (13410): Pin "initialized_value[0]" is stuck at GND
    Warning (13410): Pin "initialized_value[1]" is stuck at GND
    Warning (13410): Pin "initialized_value[2]" is stuck at GND
    Warning (13410): Pin "initialized_value[3]" is stuck at GND
    Warning (13410): Pin "dt_zero[0]" is stuck at VCC
    Warning (13410): Pin "dt_zero[1]" is stuck at VCC
    Warning (13410): Pin "dt_zero[2]" is stuck at VCC
    Warning (13410): Pin "dt_zero[3]" is stuck at VCC
    Warning (13410): Pin "dt_zero[4]" is stuck at VCC
    Warning (13410): Pin "dt_zero[5]" is stuck at VCC
    Warning (13410): Pin "dt_zero[6]" is stuck at VCC
    Warning (13410): Pin "dt_zero[7]" is stuck at VCC
Warning: Design contains 1 input pin(s) that do not drive logic
    Warning (15610): No output dependent on input pin "reset_button"
Info: Implemented 329 device resources after synthesis - the final resource count might be different
    Info: Implemented 13 input pins
    Info: Implemented 75 output pins
    Info: Implemented 241 logic cells
Info: Quartus II Analysis & Synthesis was successful. 0 errors, 39 warnings
    Info: Peak virtual memory: 230 megabytes
    Info: Processing ended: Thu Sep 07 16:26:57 2023
    Info: Elapsed time: 00:00:01
    Info: Total CPU time (on all processors): 00:00:00


