--------------------------------------------------------------------------------------
Timing Analyzer Summary
--------------------------------------------------------------------------------------

Type           : Worst-case tsu
Slack          : N/A
Required Time  : None
Actual Time    : 7.989 ns
From           : coin_insert_button
To             : VendingMachineController:controller|coin_total[6]
From Clock     : --
To Clock       : clk
Failed Paths   : 0

Type           : Worst-case tco
Slack          : N/A
Required Time  : None
Actual Time    : 8.796 ns
From           : VendingMachineController:controller|alarm
To             : alarm
From Clock     : clk
To Clock       : --
Failed Paths   : 0

Type           : Worst-case th
Slack          : N/A
Required Time  : None
Actual Time    : 6.259 ns
From           : confirm_button
To             : SecondsDetector:comb_13|cnt[0]
From Clock     : --
To Clock       : clk
Failed Paths   : 0

Type           : Clock Setup: 'clk'
Slack          : N/A
Required Time  : None
Actual Time    : 68.92 MHz ( period = 14.509 ns )
From           : SecondsDetector:comb_13|secondsflag
To             : VendingMachineController:controller|state.10
From Clock     : clk
To Clock       : clk
Failed Paths   : 0

Type           : Clock Hold: 'clk'
Slack          : Not operational: Clock Skew > Data Delay
Required Time  : None
Actual Time    : N/A
From           : VendingMachineController:controller|alarm
To             : SecondsDetector:comb_14|cnt[1]
From Clock     : clk
To Clock       : clk
Failed Paths   : 3

Type           : Total number of failed paths
Slack          : 
Required Time  : 
Actual Time    : 
From           : 
To             : 
From Clock     : 
To Clock       : 
Failed Paths   : 3

--------------------------------------------------------------------------------------

